Archive member included to satisfy reference by file (symbol)

../libopencm3/lib/libopencm3_stm32f3.a(gpio_common_f0234.o)
                              ./src/main.o (gpio_mode_setup)
../libopencm3/lib/libopencm3_stm32f3.a(rcc_common_all.o)
                              ./src/main.o (rcc_periph_clock_enable)
../libopencm3/lib/libopencm3_stm32f3.a(usart_common_all.o)
                              ../shared/uart/src/uart.o (usart_set_baudrate)
../libopencm3/lib/libopencm3_stm32f3.a(vector.o)
                              (reset_handler)
../libopencm3/lib/libopencm3_stm32f3.a(nvic.o)
                              ../shared/uart/src/uart.o (nvic_enable_irq)
../libopencm3/lib/libopencm3_stm32f3.a(rcc.o)
                              ../libopencm3/lib/libopencm3_stm32f3.a(usart_common_all.o) (rcc_get_usart_clk_freq)
../libopencm3/lib/libopencm3_stm32f3.a(usart_common_v2.o)
                              ../libopencm3/lib/libopencm3_stm32f3.a(usart_common_all.o) (usart_send)
../libopencm3/lib/libopencm3_stm32f3.a(assert.o)
                              ../libopencm3/lib/libopencm3_stm32f3.a(rcc.o) (cm3_assert_failed)
../libopencm3/lib/libopencm3_stm32f3.a(flash_common_all.o)
                              ../libopencm3/lib/libopencm3_stm32f3.a(rcc.o) (flash_prefetch_enable)
/Applications/ArmGNUToolchain/13.2.Rel1/arm-none-eabi/bin/../lib/gcc/arm-none-eabi/13.2.1/../../../../arm-none-eabi/lib/thumb/v7e-m+fp/hard/libc.a(libc_a-strlen.o)
                              ../shared/i2c/src/i2c_custom.o (strlen)
/Applications/ArmGNUToolchain/13.2.Rel1/arm-none-eabi/bin/../lib/gcc/arm-none-eabi/13.2.1/../../../../arm-none-eabi/lib/thumb/v7e-m+fp/hard/libc.a(libc_a-ctype_.o)
                              ../shared/custom_strtol/src/strtol.o (_ctype_)
/Applications/ArmGNUToolchain/13.2.Rel1/arm-none-eabi/bin/../lib/gcc/arm-none-eabi/13.2.1/thumb/v7e-m+fp/hard/libgcc.a(_arm_muldf3.o)
                              ../shared/custom_stdio/src/printf.o (__aeabi_dmul)
/Applications/ArmGNUToolchain/13.2.Rel1/arm-none-eabi/bin/../lib/gcc/arm-none-eabi/13.2.1/thumb/v7e-m+fp/hard/libgcc.a(_arm_addsubdf3.o)
                              ../shared/custom_stdio/src/printf.o (__aeabi_dsub)
/Applications/ArmGNUToolchain/13.2.Rel1/arm-none-eabi/bin/../lib/gcc/arm-none-eabi/13.2.1/thumb/v7e-m+fp/hard/libgcc.a(_arm_muldivdf3.o)
                              ../shared/custom_stdio/src/printf.o (__aeabi_ddiv)
/Applications/ArmGNUToolchain/13.2.Rel1/arm-none-eabi/bin/../lib/gcc/arm-none-eabi/13.2.1/thumb/v7e-m+fp/hard/libgcc.a(_arm_cmpdf2.o)
                              ../shared/custom_stdio/src/printf.o (__aeabi_dcmpeq)
/Applications/ArmGNUToolchain/13.2.Rel1/arm-none-eabi/bin/../lib/gcc/arm-none-eabi/13.2.1/thumb/v7e-m+fp/hard/libgcc.a(_arm_fixdfsi.o)
                              ../shared/custom_stdio/src/printf.o (__aeabi_d2iz)
/Applications/ArmGNUToolchain/13.2.Rel1/arm-none-eabi/bin/../lib/gcc/arm-none-eabi/13.2.1/thumb/v7e-m+fp/hard/libgcc.a(_aeabi_ldivmod.o)
                              ../shared/custom_stdio/src/printf.o (__aeabi_ldivmod)
/Applications/ArmGNUToolchain/13.2.Rel1/arm-none-eabi/bin/../lib/gcc/arm-none-eabi/13.2.1/thumb/v7e-m+fp/hard/libgcc.a(_aeabi_uldivmod.o)
                              ../shared/custom_stdio/src/printf.o (__aeabi_uldivmod)
/Applications/ArmGNUToolchain/13.2.Rel1/arm-none-eabi/bin/../lib/gcc/arm-none-eabi/13.2.1/thumb/v7e-m+fp/hard/libgcc.a(_fixdfdi.o)
                              ../shared/custom_stdio/src/printf.o (__aeabi_d2lz)
/Applications/ArmGNUToolchain/13.2.Rel1/arm-none-eabi/bin/../lib/gcc/arm-none-eabi/13.2.1/thumb/v7e-m+fp/hard/libgcc.a(_fixunsdfdi.o)
                              /Applications/ArmGNUToolchain/13.2.Rel1/arm-none-eabi/bin/../lib/gcc/arm-none-eabi/13.2.1/thumb/v7e-m+fp/hard/libgcc.a(_fixdfdi.o) (__aeabi_d2ulz)
/Applications/ArmGNUToolchain/13.2.Rel1/arm-none-eabi/bin/../lib/gcc/arm-none-eabi/13.2.1/thumb/v7e-m+fp/hard/libgcc.a(_udivmoddi4.o)
                              /Applications/ArmGNUToolchain/13.2.Rel1/arm-none-eabi/bin/../lib/gcc/arm-none-eabi/13.2.1/thumb/v7e-m+fp/hard/libgcc.a(_aeabi_ldivmod.o) (__udivmoddi4)
/Applications/ArmGNUToolchain/13.2.Rel1/arm-none-eabi/bin/../lib/gcc/arm-none-eabi/13.2.1/thumb/v7e-m+fp/hard/libgcc.a(_dvmd_tls.o)
                              /Applications/ArmGNUToolchain/13.2.Rel1/arm-none-eabi/bin/../lib/gcc/arm-none-eabi/13.2.1/thumb/v7e-m+fp/hard/libgcc.a(_aeabi_ldivmod.o) (__aeabi_ldiv0)
/Applications/ArmGNUToolchain/13.2.Rel1/arm-none-eabi/bin/../lib/gcc/arm-none-eabi/13.2.1/thumb/v7e-m+fp/hard/libgcc.a(_arm_fixunsdfsi.o)
                              /Applications/ArmGNUToolchain/13.2.Rel1/arm-none-eabi/bin/../lib/gcc/arm-none-eabi/13.2.1/thumb/v7e-m+fp/hard/libgcc.a(_fixunsdfdi.o) (__aeabi_d2uiz)

Discarded input sections

 .group         0x00000000        0xc ./src/main.o
 .group         0x00000000        0xc ./src/main.o
 .group         0x00000000        0xc ./src/main.o
 .group         0x00000000        0xc ./src/main.o
[...]
Memory Configuration

Name             Origin             Length             Attributes
rom              0x08000000         0x00010000         xr
ram              0x20000000         0x00003000         xrw
*default*        0x00000000         0xffffffff

Linker script and memory map

LOAD ./src/main.o
LOAD ../shared/uart/src/uart.o
LOAD ../shared/systick/src/systick.o
LOAD ../shared/custom_stdio/src/printf.o
LOAD ../shared/adc/src/adc_custom.o
LOAD ../shared/i2c/src/i2c_custom.o
LOAD ../shared/custom_strtol/src/strtol.o
LOAD ../libopencm3/lib/libopencm3_stm32f3.a
START GROUP
LOAD /Applications/ArmGNUToolchain/13.2.Rel1/arm-none-eabi/bin/../lib/gcc/arm-none-eabi/13.2.1/../../../../arm-none-eabi/lib/thumb/v7e-m+fp/hard/libc.a
LOAD /Applications/ArmGNUToolchain/13.2.Rel1/arm-none-eabi/bin/../lib/gcc/arm-none-eabi/13.2.1/thumb/v7e-m+fp/hard/libgcc.a
LOAD /Applications/ArmGNUToolchain/13.2.Rel1/arm-none-eabi/bin/../lib/gcc/arm-none-eabi/13.2.1/../../../../arm-none-eabi/lib/thumb/v7e-m+fp/hard/libnosys.a
END GROUP
START GROUP
LOAD /Applications/ArmGNUToolchain/13.2.Rel1/arm-none-eabi/bin/../lib/gcc/arm-none-eabi/13.2.1/thumb/v7e-m+fp/hard/libgcc.a
LOAD /Applications/ArmGNUToolchain/13.2.Rel1/arm-none-eabi/bin/../lib/gcc/arm-none-eabi/13.2.1/../../../../arm-none-eabi/lib/thumb/v7e-m+fp/hard/libg.a
LOAD /Applications/ArmGNUToolchain/13.2.Rel1/arm-none-eabi/bin/../lib/gcc/arm-none-eabi/13.2.1/../../../../arm-none-eabi/lib/thumb/v7e-m+fp/hard/libc.a
END GROUP

.text           0x08000000      0x794
 *(.vectors)
 .vectors       0x08000000      0x184 ../libopencm3/lib/libopencm3_stm32f3.a(vector.o)
                0x08000000                vector_table
 *(.text*)
 .text.startup.main
                0x08000184       0x3e ./src/main.o
                0x08000184                main
 *fill*         0x080001c2        0x2 
 .text.uart_setup
                0x080001c4       0x58 ../shared/uart/src/uart.o
                0x080001c4                uart_setup
 .text.uart_write_byte
                0x0800021c        0xc ../shared/uart/src/uart.o
                0x0800021c                uart_write_byte
 .text.uart_write
                0x08000228       0x24 ../shared/uart/src/uart.o
                0x08000228                uart_write
 .text.systickSetup
                0x0800024c       0x1c ../shared/systick/src/systick.o
                0x0800024c                systickSetup
 .text.systickDelaySec
                0x08000268       0x24 ../shared/systick/src/systick.o
                0x08000268                systickDelaySec
 .text.get_nbytes
                0x0800028c       0x28 ../shared/i2c/src/i2c_custom.o
                0x0800028c                get_nbytes
 .text.get_data
                0x080002b4       0x38 ../shared/i2c/src/i2c_custom.o
                0x080002b4                get_data
 .text.hex_to_decimal
                0x080002ec       0x4e ../shared/i2c/src/i2c_custom.o
                0x080002ec                hex_to_decimal
 *fill*         0x0800033a        0x2 
 .text.i2c_init
                0x0800033c       0xe0 ../shared/i2c/src/i2c_custom.o
                0x0800033c                i2c_init
 .text.i2c_read_string
                0x0800041c       0xcc ../shared/i2c/src/i2c_custom.o
                0x0800041c                i2c_read_string
 .text.gpio_mode_setup
                0x080004e8       0x40 ../libopencm3/lib/libopencm3_stm32f3.a(gpio_common_f0234.o)
                0x080004e8                gpio_mode_setup
 .text.gpio_set_af
                0x08000528       0x58 ../libopencm3/lib/libopencm3_stm32f3.a(gpio_common_f0234.o)
                0x08000528                gpio_set_af
 .text.rcc_periph_clock_enable
                0x08000580       0x1a ../libopencm3/lib/libopencm3_stm32f3.a(rcc_common_all.o)
                0x08000580                rcc_periph_clock_enable
 .text.rcc_get_div_from_hpre
                0x0800059a       0x18 ../libopencm3/lib/libopencm3_stm32f3.a(rcc_common_all.o)
                0x0800059a                rcc_get_div_from_hpre
 .text.usart_set_baudrate
                0x080005b2       0x16 ../libopencm3/lib/libopencm3_stm32f3.a(usart_common_all.o)
                0x080005b2                usart_set_baudrate
 .text.usart_set_databits
                0x080005c8       0x12 ../libopencm3/lib/libopencm3_stm32f3.a(usart_common_all.o)
                0x080005c8                usart_set_databits
 .text.usart_set_stopbits
                0x080005da        0xc ../libopencm3/lib/libopencm3_stm32f3.a(usart_common_all.o)
                0x080005da                usart_set_stopbits
 .text.usart_set_parity
                0x080005e6        0xc ../libopencm3/lib/libopencm3_stm32f3.a(usart_common_all.o)
                0x080005e6                usart_set_parity
 .text.usart_set_mode
                0x080005f2        0xc ../libopencm3/lib/libopencm3_stm32f3.a(usart_common_all.o)
                0x080005f2                usart_set_mode
 .text.usart_set_flow_control
                0x080005fe        0xc ../libopencm3/lib/libopencm3_stm32f3.a(usart_common_all.o)
                0x080005fe                usart_set_flow_control
 .text.usart_enable
                0x0800060a        0xa ../libopencm3/lib/libopencm3_stm32f3.a(usart_common_all.o)
                0x0800060a                usart_enable
 .text.usart_send_blocking
                0x08000614       0x16 ../libopencm3/lib/libopencm3_stm32f3.a(usart_common_all.o)
                0x08000614                usart_send_blocking
 .text.usart_enable_rx_interrupt
                0x0800062a        0xa ../libopencm3/lib/libopencm3_stm32f3.a(usart_common_all.o)
                0x0800062a                usart_enable_rx_interrupt
 .text.blocking_handler
                0x08000634        0x2 ../libopencm3/lib/libopencm3_stm32f3.a(vector.o)
                0x08000634                exti0_isr
                0x08000634                i2c2_ev_exti24_isr
                0x08000634                usb_hp_isr
                0x08000634                hrtim_timb_isr
                0x08000634                tim7_isr
                0x08000634                adc1_2_isr
                0x08000634                hrtim_timc_isr
                0x08000634                reserved_13_isr
                0x08000634                blocking_handler
                0x08000634                rtc_wkup_isr
                0x08000634                tim1_up_tim16_isr
                0x08000634                spi1_isr
                0x08000634                dma1_channel6_isr
                0x08000634                reserved_5_isr
                0x08000634                dma1_channel5_isr
                0x08000634                dma2_channel5_isr
                0x08000634                tamp_stamp_isr
                0x08000634                can1_rx1_isr
                0x08000634                hrtim_master_isr
                0x08000634                hrtim_tima_isr
                0x08000634                usage_fault_handler
                0x08000634                tim8_trg_com_isr
                0x08000634                i2c1_ev_exti23_isr
                0x08000634                tim1_trg_com_tim17_isr
                0x08000634                reserved_15_isr
                0x08000634                usb_wkup_isr
                0x08000634                can1_sce_isr
                0x08000634                reserved_3_isr
                0x08000634                tim1_cc_isr
                0x08000634                eth_isr
                0x08000634                reserved_14_isr
                0x08000634                dma1_channel4_isr
                0x08000634                tim8_brk_isr
                0x08000634                dma2_channel4_isr
                0x08000634                pvd_isr
                0x08000634                comp123_isr
                0x08000634                comp456_isr
                0x08000634                rcc_isr
                0x08000634                flash_isr
                0x08000634                rtc_alarm_isr
                0x08000634                reserved_2_isr
                0x08000634                exti15_10_isr
                0x08000634                hard_fault_handler
                0x08000634                exti1_isr
                0x08000634                dma2_channel1_isr
                0x08000634                spi2_isr
                0x08000634                nvic_wwdg_isr
                0x08000634                tim8_up_isr
                0x08000634                usart1_exti25_isr
                0x08000634                dma2_channel2_isr
                0x08000634                exti3_isr
                0x08000634                adc3_isr
                0x08000634                tim3_isr
                0x08000634                i2c2_er_isr
                0x08000634                reserved_1_isr
                0x08000634                dma1_channel1_isr
                0x08000634                exti4_isr
                0x08000634                tim6_dac_isr
                0x08000634                mem_manage_handler
                0x08000634                exti9_5_isr
                0x08000634                dma2_channel3_isr
                0x08000634                usb_hp_can1_tx_isr
                0x08000634                dma1_channel7_isr
                0x08000634                usart3_exti28_isr
                0x08000634                tim4_isr
                0x08000634                usb_lp_can1_rx0_isr
                0x08000634                hrtim_time_isr
                0x08000634                hrtim_timd_isr
                0x08000634                dma1_channel2_isr
                0x08000634                i2c1_er_isr
                0x08000634                tim8_cc_isr
                0x08000634                comp7_isr
                0x08000634                uart5_exti35_isr
                0x08000634                reserved_4_isr
                0x08000634                hrtim_flt_isr
                0x08000634                bus_fault_handler
                0x08000634                tim1_brk_tim15_isr
                0x08000634                dma1_channel3_isr
                0x08000634                uart4_exti34_isr
                0x08000634                usart2_exti26_isr
                0x08000634                spi3_isr
                0x08000634                tim2_isr
                0x08000634                reserved_16_isr
                0x08000634                exti2_tsc_isr
                0x08000634                usb_wkup_a_isr
                0x08000634                usb_lp_isr
 .text.null_handler
                0x08000636        0x2 ../libopencm3/lib/libopencm3_stm32f3.a(vector.o)
                0x08000636                null_handler
                0x08000636                sv_call_handler
                0x08000636                pend_sv_handler
                0x08000636                debug_monitor_handler
                0x08000636                sys_tick_handler
                0x08000636                nmi_handler
 .text.reset_handler
                0x08000638       0xa0 ../libopencm3/lib/libopencm3_stm32f3.a(vector.o)
                0x08000638                reset_handler
 .text.nvic_enable_irq
                0x080006d8       0x18 ../libopencm3/lib/libopencm3_stm32f3.a(nvic.o)
                0x080006d8                nvic_enable_irq
 .text.rcc_get_usart_clksel_freq
                0x080006f0       0x44 ../libopencm3/lib/libopencm3_stm32f3.a(rcc.o)
 .text.rcc_get_usart_clk_freq
                0x08000734       0x50 ../libopencm3/lib/libopencm3_stm32f3.a(rcc.o)
                0x08000734                rcc_get_usart_clk_freq
 .text.usart_send
                0x08000784        0x8 ../libopencm3/lib/libopencm3_stm32f3.a(usart_common_v2.o)
                0x08000784                usart_send
 .text.usart_wait_send_ready
                0x0800078c        0x8 ../libopencm3/lib/libopencm3_stm32f3.a(usart_common_v2.o)
                0x0800078c                usart_wait_send_ready
                0x08000794                        . = ALIGN (0x4)
 *(.rodata*)
                0x08000794                        . = ALIGN (0x4)

.glue_7         0x08000794        0x0
 .glue_7        0x08000794        0x0 linker stubs

.glue_7t        0x08000794        0x0
 .glue_7t       0x08000794        0x0 linker stubs

.vfp11_veneer   0x08000794        0x0
 .vfp11_veneer  0x08000794        0x0 linker stubs

.v4_bx          0x08000794        0x0
 .v4_bx         0x08000794        0x0 linker stubs

.iplt           0x08000794        0x0
 .iplt          0x08000794        0x0 ./src/main.o

.rel.dyn        0x08000794        0x0
 .rel.iplt      0x08000794        0x0 ./src/main.o

.preinit_array  0x08000794        0x0
                0x08000794                        . = ALIGN (0x4)
                0x08000794                        __preinit_array_start = .
 *(.preinit_array)
                0x08000794                        __preinit_array_end = .

.init_array     0x08000794        0x0
                0x08000794                        . = ALIGN (0x4)
                0x08000794                        __init_array_start = .
 *(SORT_BY_NAME(.init_array.*))
 *(.init_array)
                0x08000794                        __init_array_end = .

.fini_array     0x08000794        0x0
                0x08000794                        . = ALIGN (0x4)
                0x08000794                        __fini_array_start = .
 *(.fini_array)
 *(SORT_BY_NAME(.fini_array.*))
                0x08000794                        __fini_array_end = .

.ARM.extab
 *(.ARM.extab*)

.ARM.exidx      0x08000794        0x0
                0x08000794                        __exidx_start = .
 *(.ARM.exidx*)
                0x08000794                        __exidx_end = .
                0x08000794                        . = ALIGN (0x4)
                0x08000794                        _etext = .

.noinit
 *(.noinit*)
                0x08000794                        . = ALIGN (0x4)

.data           0x20000000        0xc load address 0x08000794
                0x20000000                        _data = .
 *(.data*)
 .data.rcc_apb2_frequency
                0x20000000        0x4 ../libopencm3/lib/libopencm3_stm32f3.a(rcc.o)
                0x20000000                rcc_apb2_frequency
 .data.rcc_apb1_frequency
                0x20000004        0x4 ../libopencm3/lib/libopencm3_stm32f3.a(rcc.o)
                0x20000004                rcc_apb1_frequency
 .data.rcc_ahb_frequency
                0x20000008        0x4 ../libopencm3/lib/libopencm3_stm32f3.a(rcc.o)
                0x20000008                rcc_ahb_frequency
 *(.ramtext*)
                0x2000000c                        . = ALIGN (0x4)
                0x2000000c                        _edata = .
                0x08000794                        _data_loadaddr = LOADADDR (.data)

.igot.plt       0x2000000c        0x0 load address 0x080007a0
 .igot.plt      0x2000000c        0x0 ./src/main.o

.bss            0x2000000c        0x0 load address 0x080007a0
 *(.bss*)
 *(COMMON)
                0x2000000c                        . = ALIGN (0x4)
                0x2000000c                        _ebss = .

/DISCARD/
 *(.eh_frame)
                0x2000000c                        . = ALIGN (0x4)
                0x2000000c                        end = .
                0x20003000                        PROVIDE (_stack = (ORIGIN (ram) + LENGTH (ram)))
OUTPUT(main.elf elf32-littlearm)
LOAD linker stubs

.debug_info     0x00000000     0x3b8f
 .debug_info    0x00000000      0x406 ./src/main.o
 .debug_info    0x00000406      0x640 ../shared/uart/src/uart.o
 .debug_info    0x00000a46      0x143 ../shared/systick/src/systick.o
 .debug_info    0x00000b89      0xcbc ../shared/i2c/src/i2c_custom.o
 .debug_info    0x00001845      0x21b ../libopencm3/lib/libopencm3_stm32f3.a(gpio_common_f0234.o)
 .debug_info    0x00001a60      0x64e ../libopencm3/lib/libopencm3_stm32f3.a(rcc_common_all.o)
 .debug_info    0x000020ae      0x66c ../libopencm3/lib/libopencm3_stm32f3.a(usart_common_all.o)
 .debug_info    0x0000271a      0x2d9 ../libopencm3/lib/libopencm3_stm32f3.a(vector.o)
 .debug_info    0x000029f3      0x239 ../libopencm3/lib/libopencm3_stm32f3.a(nvic.o)
 .debug_info    0x00002c2c      0xbec ../libopencm3/lib/libopencm3_stm32f3.a(rcc.o)
 .debug_info    0x00003818      0x377 ../libopencm3/lib/libopencm3_stm32f3.a(usart_common_v2.o)

.debug_abbrev   0x00000000     0x1106
 .debug_abbrev  0x00000000      0x12b ./src/main.o
 .debug_abbrev  0x0000012b      0x14d ../shared/uart/src/uart.o
 .debug_abbrev  0x00000278       0xca ../shared/systick/src/systick.o
 .debug_abbrev  0x00000342      0x2f3 ../shared/i2c/src/i2c_custom.o
 .debug_abbrev  0x00000635       0xc2 ../libopencm3/lib/libopencm3_stm32f3.a(gpio_common_f0234.o)
 .debug_abbrev  0x000006f7      0x185 ../libopencm3/lib/libopencm3_stm32f3.a(rcc_common_all.o)
 .debug_abbrev  0x0000087c      0x1a9 ../libopencm3/lib/libopencm3_stm32f3.a(usart_common_all.o)
 .debug_abbrev  0x00000a25      0x15f ../libopencm3/lib/libopencm3_stm32f3.a(vector.o)
 .debug_abbrev  0x00000b84       0xb6 ../libopencm3/lib/libopencm3_stm32f3.a(nvic.o)
 .debug_abbrev  0x00000c3a      0x3a3 ../libopencm3/lib/libopencm3_stm32f3.a(rcc.o)
 .debug_abbrev  0x00000fdd      0x129 ../libopencm3/lib/libopencm3_stm32f3.a(usart_common_v2.o)

.debug_loclists
                0x00000000      0xe67
 .debug_loclists
                0x00000000       0x46 ./src/main.o
 .debug_loclists
                0x00000046       0xea ../shared/uart/src/uart.o
 .debug_loclists
                0x00000130       0x5b ../shared/systick/src/systick.o
 .debug_loclists
                0x0000018b      0x33d ../shared/i2c/src/i2c_custom.o
 .debug_loclists
                0x000004c8       0xf9 ../libopencm3/lib/libopencm3_stm32f3.a(gpio_common_f0234.o)
 .debug_loclists
                0x000005c1       0x87 ../libopencm3/lib/libopencm3_stm32f3.a(rcc_common_all.o)
 .debug_loclists
                0x00000648      0x18e ../libopencm3/lib/libopencm3_stm32f3.a(usart_common_all.o)
 .debug_loclists
                0x000007d6       0xb6 ../libopencm3/lib/libopencm3_stm32f3.a(vector.o)
 .debug_loclists
                0x0000088c      0x111 ../libopencm3/lib/libopencm3_stm32f3.a(nvic.o)
 .debug_loclists
                0x0000099d      0x436 ../libopencm3/lib/libopencm3_stm32f3.a(rcc.o)
 .debug_loclists
                0x00000dd3       0x94 ../libopencm3/lib/libopencm3_stm32f3.a(usart_common_v2.o)

.debug_aranges  0x00000000      0x500
 .debug_aranges
                0x00000000       0x20 ./src/main.o
 .debug_aranges
                0x00000020       0x38 ../shared/uart/src/uart.o
 .debug_aranges
                0x00000058       0x28 ../shared/systick/src/systick.o
 .debug_aranges
                0x00000080       0x68 ../shared/i2c/src/i2c_custom.o
 .debug_aranges
                0x000000e8       0x30 ../libopencm3/lib/libopencm3_stm32f3.a(gpio_common_f0234.o)
 .debug_aranges
                0x00000118       0x80 ../libopencm3/lib/libopencm3_stm32f3.a(rcc_common_all.o)
 .debug_aranges
                0x00000198       0xf0 ../libopencm3/lib/libopencm3_stm32f3.a(usart_common_all.o)
 .debug_aranges
                0x00000288       0x30 ../libopencm3/lib/libopencm3_stm32f3.a(vector.o)
 .debug_aranges
                0x000002b8       0x60 ../libopencm3/lib/libopencm3_stm32f3.a(nvic.o)
 .debug_aranges
                0x00000318      0x140 ../libopencm3/lib/libopencm3_stm32f3.a(rcc.o)
 .debug_aranges
                0x00000458       0xa8 ../libopencm3/lib/libopencm3_stm32f3.a(usart_common_v2.o)

.debug_rnglists
                0x00000000      0x42a
 .debug_rnglists
                0x00000000       0x1f ./src/main.o
 .debug_rnglists
                0x0000001f       0x40 ../shared/uart/src/uart.o
 .debug_rnglists
                0x0000005f       0x25 ../shared/systick/src/systick.o
 .debug_rnglists
                0x00000084       0x9d ../shared/i2c/src/i2c_custom.o
 .debug_rnglists
                0x00000121       0x1f ../libopencm3/lib/libopencm3_stm32f3.a(gpio_common_f0234.o)
 .debug_rnglists
                0x00000140       0x5b ../libopencm3/lib/libopencm3_stm32f3.a(rcc_common_all.o)
 .debug_rnglists
                0x0000019b       0xaf ../libopencm3/lib/libopencm3_stm32f3.a(usart_common_all.o)
 .debug_rnglists
                0x0000024a       0x20 ../libopencm3/lib/libopencm3_stm32f3.a(vector.o)
 .debug_rnglists
                0x0000026a       0x43 ../libopencm3/lib/libopencm3_stm32f3.a(nvic.o)
 .debug_rnglists
                0x000002ad      0x104 ../libopencm3/lib/libopencm3_stm32f3.a(rcc.o)
 .debug_rnglists
                0x000003b1       0x79 ../libopencm3/lib/libopencm3_stm32f3.a(usart_common_v2.o)

.debug_macro    0x00000000     0x570c
 .debug_macro   0x00000000      0x108 ./src/main.o
 .debug_macro   0x00000108      0xade ./src/main.o
 .debug_macro   0x00000be6       0x1c ./src/main.o
 .debug_macro   0x00000c02       0x22 ./src/main.o
 .debug_macro   0x00000c24       0x56 ./src/main.o
 .debug_macro   0x00000c7a       0x51 ./src/main.o
 .debug_macro   0x00000ccb      0x103 ./src/main.o
 .debug_macro   0x00000dce       0x6a ./src/main.o
 .debug_macro   0x00000e38      0x1df ./src/main.o
 .debug_macro   0x00001017       0x22 ./src/main.o
 .debug_macro   0x00001039       0xe8 ./src/main.o
 .debug_macro   0x00001121       0x76 ./src/main.o
 .debug_macro   0x00001197      0x1b9 ./src/main.o
 .debug_macro   0x00001350      0x73c ./src/main.o
 .debug_macro   0x00001a8c       0x76 ./src/main.o
 .debug_macro   0x00001b02      0x37e ./src/main.o
 .debug_macro   0x00001e80       0x10 ./src/main.o
 .debug_macro   0x00001e90       0x34 ./src/main.o
 .debug_macro   0x00001ec4      0x1cb ../shared/uart/src/uart.o
 .debug_macro   0x0000208f       0x7b ../shared/uart/src/uart.o
 .debug_macro   0x0000210a       0x2a ../shared/uart/src/uart.o
 .debug_macro   0x00002134       0x3c ../shared/uart/src/uart.o
 .debug_macro   0x00002170       0x34 ../shared/uart/src/uart.o
 .debug_macro   0x000021a4      0x189 ../shared/uart/src/uart.o
 .debug_macro   0x0000232d      0x38c ../shared/uart/src/uart.o
 .debug_macro   0x000026b9       0x16 ../shared/uart/src/uart.o
 .debug_macro   0x000026cf       0x4a ../shared/uart/src/uart.o
 .debug_macro   0x00002719       0x34 ../shared/uart/src/uart.o
 .debug_macro   0x0000274d       0x10 ../shared/uart/src/uart.o
 .debug_macro   0x0000275d       0x58 ../shared/uart/src/uart.o
 .debug_macro   0x000027b5      0x1de ../shared/uart/src/uart.o
 .debug_macro   0x00002993       0x10 ../shared/uart/src/uart.o
 .debug_macro   0x000029a3       0x3c ../shared/uart/src/uart.o
 .debug_macro   0x000029df       0x94 ../shared/uart/src/uart.o
 .debug_macro   0x00002a73      0x55b ../shared/uart/src/uart.o
 .debug_macro   0x00002fce       0x22 ../shared/uart/src/uart.o
 .debug_macro   0x00002ff0       0x6e ../shared/uart/src/uart.o
 .debug_macro   0x0000305e      0x1f0 ../shared/uart/src/uart.o
 .debug_macro   0x0000324e       0x58 ../shared/uart/src/uart.o
 .debug_macro   0x000032a6       0x46 ../shared/uart/src/uart.o
 .debug_macro   0x000032ec      0x134 ../shared/systick/src/systick.o
 .debug_macro   0x00003420       0x16 ../shared/systick/src/systick.o
 .debug_macro   0x00003436       0x9e ../shared/systick/src/systick.o
 .debug_macro   0x000034d4      0x10b ../shared/systick/src/systick.o
 .debug_macro   0x000035df       0x10 ../shared/systick/src/systick.o
 .debug_macro   0x000035ef       0x16 ../shared/systick/src/systick.o
 .debug_macro   0x00003605       0x16 ../shared/systick/src/systick.o
 .debug_macro   0x0000361b      0x12a ../shared/systick/src/systick.o
 .debug_macro   0x00003745      0x175 ../shared/i2c/src/i2c_custom.o
 .debug_macro   0x000038ba       0x16 ../shared/i2c/src/i2c_custom.o
 .debug_macro   0x000038d0       0x22 ../shared/i2c/src/i2c_custom.o
 .debug_macro   0x000038f2       0xc2 ../libopencm3/lib/libopencm3_stm32f3.a(gpio_common_f0234.o)
 .debug_macro   0x000039b4      0xacc ../libopencm3/lib/libopencm3_stm32f3.a(gpio_common_f0234.o)
 .debug_macro   0x00004480       0xce ../libopencm3/lib/libopencm3_stm32f3.a(rcc_common_all.o)
 .debug_macro   0x0000454e       0xd9 ../libopencm3/lib/libopencm3_stm32f3.a(usart_common_all.o)
 .debug_macro   0x00004627       0xd3 ../libopencm3/lib/libopencm3_stm32f3.a(vector.o)
 .debug_macro   0x000046fa      0x452 ../libopencm3/lib/libopencm3_stm32f3.a(vector.o)
 .debug_macro   0x00004b4c       0xb3 ../libopencm3/lib/libopencm3_stm32f3.a(nvic.o)
 .debug_macro   0x00004bff       0x68 ../libopencm3/lib/libopencm3_stm32f3.a(nvic.o)
 .debug_macro   0x00004c67      0x458 ../libopencm3/lib/libopencm3_stm32f3.a(nvic.o)
 .debug_macro   0x000050bf      0x104 ../libopencm3/lib/libopencm3_stm32f3.a(rcc.o)
 .debug_macro   0x000051c3       0x16 ../libopencm3/lib/libopencm3_stm32f3.a(rcc.o)
 .debug_macro   0x000051d9       0xd6 ../libopencm3/lib/libopencm3_stm32f3.a(rcc.o)
 .debug_macro   0x000052af      0x39c ../libopencm3/lib/libopencm3_stm32f3.a(rcc.o)
 .debug_macro   0x0000564b       0xc1 ../libopencm3/lib/libopencm3_stm32f3.a(usart_common_v2.o)

.debug_line     0x00000000     0x3dfb
 .debug_line    0x00000000      0x3c4 ./src/main.o
 .debug_line    0x000003c4      0x545 ../shared/uart/src/uart.o
 .debug_line    0x00000909      0x34a ../shared/systick/src/systick.o
 .debug_line    0x00000c53      0x872 ../shared/i2c/src/i2c_custom.o
 .debug_line    0x000014c5      0x4ea ../libopencm3/lib/libopencm3_stm32f3.a(gpio_common_f0234.o)
 .debug_line    0x000019af      0x49d ../libopencm3/lib/libopencm3_stm32f3.a(rcc_common_all.o)
 .debug_line    0x00001e4c      0x6c1 ../libopencm3/lib/libopencm3_stm32f3.a(usart_common_all.o)
 .debug_line    0x0000250d      0x458 ../libopencm3/lib/libopencm3_stm32f3.a(vector.o)
 .debug_line    0x00002965      0x3fd ../libopencm3/lib/libopencm3_stm32f3.a(nvic.o)
 .debug_line    0x00002d62      0xb66 ../libopencm3/lib/libopencm3_stm32f3.a(rcc.o)
 .debug_line    0x000038c8      0x533 ../libopencm3/lib/libopencm3_stm32f3.a(usart_common_v2.o)

.debug_str      0x00000000    0x1258a
 .debug_str     0x00000000    0x1258a ./src/main.o
                               0x7fe6 (size before relaxing)
 .debug_str     0x0001258a     0xc7b0 ../shared/uart/src/uart.o
 .debug_str     0x0001258a     0x71f4 ../shared/systick/src/systick.o
 .debug_str     0x0001258a     0x76a9 ../shared/i2c/src/i2c_custom.o
 .debug_str     0x0001258a     0x5e9a ../libopencm3/lib/libopencm3_stm32f3.a(gpio_common_f0234.o)
 .debug_str     0x0001258a     0x71f6 ../libopencm3/lib/libopencm3_stm32f3.a(rcc_common_all.o)
 .debug_str     0x0001258a     0x8b4d ../libopencm3/lib/libopencm3_stm32f3.a(usart_common_all.o)
 .debug_str     0x0001258a     0x6ee0 ../libopencm3/lib/libopencm3_stm32f3.a(vector.o)
 .debug_str     0x0001258a     0x61e2 ../libopencm3/lib/libopencm3_stm32f3.a(nvic.o)
 .debug_str     0x0001258a     0x88ce ../libopencm3/lib/libopencm3_stm32f3.a(rcc.o)
 .debug_str     0x0001258a     0x6cc4 ../libopencm3/lib/libopencm3_stm32f3.a(usart_common_v2.o)

.comment        0x00000000       0x44
 .comment       0x00000000       0x44 ./src/main.o
                                 0x45 (size before relaxing)
 .comment       0x00000044       0x45 ../shared/uart/src/uart.o
 .comment       0x00000044       0x45 ../shared/systick/src/systick.o
 .comment       0x00000044       0x45 ../shared/i2c/src/i2c_custom.o
 .comment       0x00000044       0x45 ../libopencm3/lib/libopencm3_stm32f3.a(gpio_common_f0234.o)
 .comment       0x00000044       0x45 ../libopencm3/lib/libopencm3_stm32f3.a(rcc_common_all.o)
 .comment       0x00000044       0x45 ../libopencm3/lib/libopencm3_stm32f3.a(usart_common_all.o)
 .comment       0x00000044       0x45 ../libopencm3/lib/libopencm3_stm32f3.a(vector.o)
 .comment       0x00000044       0x45 ../libopencm3/lib/libopencm3_stm32f3.a(nvic.o)
 .comment       0x00000044       0x45 ../libopencm3/lib/libopencm3_stm32f3.a(rcc.o)
 .comment       0x00000044       0x45 ../libopencm3/lib/libopencm3_stm32f3.a(usart_common_v2.o)

.ARM.attributes
                0x00000000       0x32
 .ARM.attributes
                0x00000000       0x34 ./src/main.o
 .ARM.attributes
                0x00000034       0x34 ../shared/uart/src/uart.o
 .ARM.attributes
                0x00000068       0x34 ../shared/systick/src/systick.o
 .ARM.attributes
                0x0000009c       0x34 ../shared/i2c/src/i2c_custom.o
 .ARM.attributes
                0x000000d0       0x34 ../libopencm3/lib/libopencm3_stm32f3.a(gpio_common_f0234.o)
 .ARM.attributes
                0x00000104       0x34 ../libopencm3/lib/libopencm3_stm32f3.a(rcc_common_all.o)
 .ARM.attributes
                0x00000138       0x34 ../libopencm3/lib/libopencm3_stm32f3.a(usart_common_all.o)
 .ARM.attributes
                0x0000016c       0x34 ../libopencm3/lib/libopencm3_stm32f3.a(vector.o)
 .ARM.attributes
                0x000001a0       0x34 ../libopencm3/lib/libopencm3_stm32f3.a(nvic.o)
 .ARM.attributes
                0x000001d4       0x34 ../libopencm3/lib/libopencm3_stm32f3.a(rcc.o)
 .ARM.attributes
                0x00000208       0x34 ../libopencm3/lib/libopencm3_stm32f3.a(usart_common_v2.o)

.debug_frame    0x00000000      0x9c0
 .debug_frame   0x00000000       0x28 ./src/main.o
 .debug_frame   0x00000028       0x7c ../shared/uart/src/uart.o
 .debug_frame   0x000000a4       0x30 ../shared/systick/src/systick.o
 .debug_frame   0x000000d4       0xfc ../shared/i2c/src/i2c_custom.o
 .debug_frame   0x000001d0       0x70 ../libopencm3/lib/libopencm3_stm32f3.a(gpio_common_f0234.o)
 .debug_frame   0x00000240       0xe0 ../libopencm3/lib/libopencm3_stm32f3.a(rcc_common_all.o)
 .debug_frame   0x00000320      0x1ec ../libopencm3/lib/libopencm3_stm32f3.a(usart_common_all.o)
 .debug_frame   0x0000050c       0x4c ../libopencm3/lib/libopencm3_stm32f3.a(vector.o)
 .debug_frame   0x00000558       0xa0 ../libopencm3/lib/libopencm3_stm32f3.a(nvic.o)
 .debug_frame   0x000005f8      0x298 ../libopencm3/lib/libopencm3_stm32f3.a(rcc.o)
 .debug_frame   0x00000890      0x130 ../libopencm3/lib/libopencm3_stm32f3.a(usart_common_v2.o)

Cross Reference Table

Symbol                                            File
__adddf3                                          /Applications/ArmGNUToolchain/13.2.Rel1/arm-none-eabi/bin/../lib/gcc/arm-none-eabi/13.2.1/thumb/v7e-m+fp/hard/libgcc.a(_arm_addsubdf3.o)
__aeabi_cdcmpeq                                   /Applications/ArmGNUToolchain/13.2.Rel1/arm-none-eabi/bin/../lib/gcc/arm-none-eabi/13.2.1/thumb/v7e-m+fp/hard/libgcc.a(_arm_cmpdf2.o)
__aeabi_cdcmple                                   /Applications/ArmGNUToolchain/13.2.Rel1/arm-none-eabi/bin/../lib/gcc/arm-none-eabi/13.2.1/thumb/v7e-m+fp/hard/libgcc.a(_arm_cmpdf2.o)
__aeabi_cdrcmple                                  /Applications/ArmGNUToolchain/13.2.Rel1/arm-none-eabi/bin/../lib/gcc/arm-none-eabi/13.2.1/thumb/v7e-m+fp/hard/libgcc.a(_arm_cmpdf2.o)
__aeabi_d2iz                                      /Applications/ArmGNUToolchain/13.2.Rel1/arm-none-eabi/bin/../lib/gcc/arm-none-eabi/13.2.1/thumb/v7e-m+fp/hard/libgcc.a(_arm_fixdfsi.o)
                                                  ../shared/custom_stdio/src/printf.o
__aeabi_d2lz                                      /Applications/ArmGNUToolchain/13.2.Rel1/arm-none-eabi/bin/../lib/gcc/arm-none-eabi/13.2.1/thumb/v7e-m+fp/hard/libgcc.a(_fixdfdi.o)
                                                  ../shared/custom_stdio/src/printf.o
__aeabi_d2uiz                                     /Applications/ArmGNUToolchain/13.2.Rel1/arm-none-eabi/bin/../lib/gcc/arm-none-eabi/13.2.1/thumb/v7e-m+fp/hard/libgcc.a(_arm_fixunsdfsi.o)
                                                  /Applications/ArmGNUToolchain/13.2.Rel1/arm-none-eabi/bin/../lib/gcc/arm-none-eabi/13.2.1/thumb/v7e-m+fp/hard/libgcc.a(_fixunsdfdi.o)
__aeabi_d2ulz                                     /Applications/ArmGNUToolchain/13.2.Rel1/arm-none-eabi/bin/../lib/gcc/arm-none-eabi/13.2.1/thumb/v7e-m+fp/hard/libgcc.a(_fixunsdfdi.o)
                                                  /Applications/ArmGNUToolchain/13.2.Rel1/arm-none-eabi/bin/../lib/gcc/arm-none-eabi/13.2.1/thumb/v7e-m+fp/hard/libgcc.a(_fixdfdi.o)
__aeabi_dadd                                      /Applications/ArmGNUToolchain/13.2.Rel1/arm-none-eabi/bin/../lib/gcc/arm-none-eabi/13.2.1/thumb/v7e-m+fp/hard/libgcc.a(_arm_addsubdf3.o)
                                                  ../shared/custom_stdio/src/printf.o
__aeabi_dcmpeq                                    /Applications/ArmGNUToolchain/13.2.Rel1/arm-none-eabi/bin/../lib/gcc/arm-none-eabi/13.2.1/thumb/v7e-m+fp/hard/libgcc.a(_arm_cmpdf2.o)
                                                  ../shared/custom_stdio/src/printf.o
__aeabi_dcmpge                                    /Applications/ArmGNUToolchain/13.2.Rel1/arm-none-eabi/bin/../lib/gcc/arm-none-eabi/13.2.1/thumb/v7e-m+fp/hard/libgcc.a(_arm_cmpdf2.o)
                                                  ../shared/custom_stdio/src/printf.o
__aeabi_dcmpgt                                    /Applications/ArmGNUToolchain/13.2.Rel1/arm-none-eabi/bin/../lib/gcc/arm-none-eabi/13.2.1/thumb/v7e-m+fp/hard/libgcc.a(_arm_cmpdf2.o)
                                                  ../shared/custom_stdio/src/printf.o
__aeabi_dcmple                                    /Applications/ArmGNUToolchain/13.2.Rel1/arm-none-eabi/bin/../lib/gcc/arm-none-eabi/13.2.1/thumb/v7e-m+fp/hard/libgcc.a(_arm_cmpdf2.o)
                                                  ../shared/custom_stdio/src/printf.o
__aeabi_dcmplt                                    /Applications/ArmGNUToolchain/13.2.Rel1/arm-none-eabi/bin/../lib/gcc/arm-none-eabi/13.2.1/thumb/v7e-m+fp/hard/libgcc.a(_arm_cmpdf2.o)
                                                  /Applications/ArmGNUToolchain/13.2.Rel1/arm-none-eabi/bin/../lib/gcc/arm-none-eabi/13.2.1/thumb/v7e-m+fp/hard/libgcc.a(_fixdfdi.o)
                                                  ../shared/custom_stdio/src/printf.o
__aeabi_ddiv                                      /Applications/ArmGNUToolchain/13.2.Rel1/arm-none-eabi/bin/../lib/gcc/arm-none-eabi/13.2.1/thumb/v7e-m+fp/hard/libgcc.a(_arm_muldivdf3.o)
                                                  ../shared/custom_stdio/src/printf.o
__aeabi_dmul                                      /Applications/ArmGNUToolchain/13.2.Rel1/arm-none-eabi/bin/../lib/gcc/arm-none-eabi/13.2.1/thumb/v7e-m+fp/hard/libgcc.a(_arm_muldivdf3.o)
                                                  /Applications/ArmGNUToolchain/13.2.Rel1/arm-none-eabi/bin/../lib/gcc/arm-none-eabi/13.2.1/thumb/v7e-m+fp/hard/libgcc.a(_arm_muldf3.o)
                                                  /Applications/ArmGNUToolchain/13.2.Rel1/arm-none-eabi/bin/../lib/gcc/arm-none-eabi/13.2.1/thumb/v7e-m+fp/hard/libgcc.a(_fixunsdfdi.o)
                                                  ../shared/custom_stdio/src/printf.o
__aeabi_drsub                                     /Applications/ArmGNUToolchain/13.2.Rel1/arm-none-eabi/bin/../lib/gcc/arm-none-eabi/13.2.1/thumb/v7e-m+fp/hard/libgcc.a(_arm_addsubdf3.o)
__aeabi_dsub                                      /Applications/ArmGNUToolchain/13.2.Rel1/arm-none-eabi/bin/../lib/gcc/arm-none-eabi/13.2.1/thumb/v7e-m+fp/hard/libgcc.a(_arm_addsubdf3.o)
                                                  /Applications/ArmGNUToolchain/13.2.Rel1/arm-none-eabi/bin/../lib/gcc/arm-none-eabi/13.2.1/thumb/v7e-m+fp/hard/libgcc.a(_fixunsdfdi.o)
                                                  ../shared/custom_stdio/src/printf.o
__aeabi_f2d                                       /Applications/ArmGNUToolchain/13.2.Rel1/arm-none-eabi/bin/../lib/gcc/arm-none-eabi/13.2.1/thumb/v7e-m+fp/hard/libgcc.a(_arm_addsubdf3.o)
                                                  ../shared/uart/src/uart.o
__aeabi_i2d                                       /Applications/ArmGNUToolchain/13.2.Rel1/arm-none-eabi/bin/../lib/gcc/arm-none-eabi/13.2.1/thumb/v7e-m+fp/hard/libgcc.a(_arm_addsubdf3.o)
                                                  ../shared/custom_stdio/src/printf.o
__aeabi_idiv0                                     /Applications/ArmGNUToolchain/13.2.Rel1/arm-none-eabi/bin/../lib/gcc/arm-none-eabi/13.2.1/thumb/v7e-m+fp/hard/libgcc.a(_dvmd_tls.o)
__aeabi_l2d                                       /Applications/ArmGNUToolchain/13.2.Rel1/arm-none-eabi/bin/../lib/gcc/arm-none-eabi/13.2.1/thumb/v7e-m+fp/hard/libgcc.a(_arm_addsubdf3.o)
                                                  ../shared/custom_stdio/src/printf.o
__aeabi_ldiv0                                     /Applications/ArmGNUToolchain/13.2.Rel1/arm-none-eabi/bin/../lib/gcc/arm-none-eabi/13.2.1/thumb/v7e-m+fp/hard/libgcc.a(_dvmd_tls.o)
                                                  /Applications/ArmGNUToolchain/13.2.Rel1/arm-none-eabi/bin/../lib/gcc/arm-none-eabi/13.2.1/thumb/v7e-m+fp/hard/libgcc.a(_aeabi_uldivmod.o)
                                                  /Applications/ArmGNUToolchain/13.2.Rel1/arm-none-eabi/bin/../lib/gcc/arm-none-eabi/13.2.1/thumb/v7e-m+fp/hard/libgcc.a(_aeabi_ldivmod.o)
__aeabi_ldivmod                                   /Applications/ArmGNUToolchain/13.2.Rel1/arm-none-eabi/bin/../lib/gcc/arm-none-eabi/13.2.1/thumb/v7e-m+fp/hard/libgcc.a(_aeabi_ldivmod.o)
                                                  ../shared/custom_stdio/src/printf.o
__aeabi_ui2d                                      /Applications/ArmGNUToolchain/13.2.Rel1/arm-none-eabi/bin/../lib/gcc/arm-none-eabi/13.2.1/thumb/v7e-m+fp/hard/libgcc.a(_arm_addsubdf3.o)
                                                  /Applications/ArmGNUToolchain/13.2.Rel1/arm-none-eabi/bin/../lib/gcc/arm-none-eabi/13.2.1/thumb/v7e-m+fp/hard/libgcc.a(_fixunsdfdi.o)
__aeabi_ul2d                                      /Applications/ArmGNUToolchain/13.2.Rel1/arm-none-eabi/bin/../lib/gcc/arm-none-eabi/13.2.1/thumb/v7e-m+fp/hard/libgcc.a(_arm_addsubdf3.o)
__aeabi_uldivmod                                  /Applications/ArmGNUToolchain/13.2.Rel1/arm-none-eabi/bin/../lib/gcc/arm-none-eabi/13.2.1/thumb/v7e-m+fp/hard/libgcc.a(_aeabi_uldivmod.o)
                                                  ../shared/custom_stdio/src/printf.o
__cmpdf2                                          /Applications/ArmGNUToolchain/13.2.Rel1/arm-none-eabi/bin/../lib/gcc/arm-none-eabi/13.2.1/thumb/v7e-m+fp/hard/libgcc.a(_arm_cmpdf2.o)
__divdf3                                          /Applications/ArmGNUToolchain/13.2.Rel1/arm-none-eabi/bin/../lib/gcc/arm-none-eabi/13.2.1/thumb/v7e-m+fp/hard/libgcc.a(_arm_muldivdf3.o)
__eqdf2                                           /Applications/ArmGNUToolchain/13.2.Rel1/arm-none-eabi/bin/../lib/gcc/arm-none-eabi/13.2.1/thumb/v7e-m+fp/hard/libgcc.a(_arm_cmpdf2.o)
__extendsfdf2                                     /Applications/ArmGNUToolchain/13.2.Rel1/arm-none-eabi/bin/../lib/gcc/arm-none-eabi/13.2.1/thumb/v7e-m+fp/hard/libgcc.a(_arm_addsubdf3.o)
__fini_array_end                                  ../libopencm3/lib/libopencm3_stm32f3.a(vector.o)
__fini_array_start                                ../libopencm3/lib/libopencm3_stm32f3.a(vector.o)
__fixdfdi                                         /Applications/ArmGNUToolchain/13.2.Rel1/arm-none-eabi/bin/../lib/gcc/arm-none-eabi/13.2.1/thumb/v7e-m+fp/hard/libgcc.a(_fixdfdi.o)
__fixdfsi                                         /Applications/ArmGNUToolchain/13.2.Rel1/arm-none-eabi/bin/../lib/gcc/arm-none-eabi/13.2.1/thumb/v7e-m+fp/hard/libgcc.a(_arm_fixdfsi.o)
__fixunsdfdi                                      /Applications/ArmGNUToolchain/13.2.Rel1/arm-none-eabi/bin/../lib/gcc/arm-none-eabi/13.2.1/thumb/v7e-m+fp/hard/libgcc.a(_fixunsdfdi.o)
__fixunsdfsi                                      /Applications/ArmGNUToolchain/13.2.Rel1/arm-none-eabi/bin/../lib/gcc/arm-none-eabi/13.2.1/thumb/v7e-m+fp/hard/libgcc.a(_arm_fixunsdfsi.o)
__floatdidf                                       /Applications/ArmGNUToolchain/13.2.Rel1/arm-none-eabi/bin/../lib/gcc/arm-none-eabi/13.2.1/thumb/v7e-m+fp/hard/libgcc.a(_arm_addsubdf3.o)
__floatsidf                                       /Applications/ArmGNUToolchain/13.2.Rel1/arm-none-eabi/bin/../lib/gcc/arm-none-eabi/13.2.1/thumb/v7e-m+fp/hard/libgcc.a(_arm_addsubdf3.o)
__floatundidf                                     /Applications/ArmGNUToolchain/13.2.Rel1/arm-none-eabi/bin/../lib/gcc/arm-none-eabi/13.2.1/thumb/v7e-m+fp/hard/libgcc.a(_arm_addsubdf3.o)
__floatunsidf                                     /Applications/ArmGNUToolchain/13.2.Rel1/arm-none-eabi/bin/../lib/gcc/arm-none-eabi/13.2.1/thumb/v7e-m+fp/hard/libgcc.a(_arm_addsubdf3.o)
__gedf2                                           /Applications/ArmGNUToolchain/13.2.Rel1/arm-none-eabi/bin/../lib/gcc/arm-none-eabi/13.2.1/thumb/v7e-m+fp/hard/libgcc.a(_arm_cmpdf2.o)
__gtdf2                                           /Applications/ArmGNUToolchain/13.2.Rel1/arm-none-eabi/bin/../lib/gcc/arm-none-eabi/13.2.1/thumb/v7e-m+fp/hard/libgcc.a(_arm_cmpdf2.o)
__init_array_end                                  ../libopencm3/lib/libopencm3_stm32f3.a(vector.o)
__init_array_start                                ../libopencm3/lib/libopencm3_stm32f3.a(vector.o)
__ledf2                                           /Applications/ArmGNUToolchain/13.2.Rel1/arm-none-eabi/bin/../lib/gcc/arm-none-eabi/13.2.1/thumb/v7e-m+fp/hard/libgcc.a(_arm_cmpdf2.o)
__ltdf2                                           /Applications/ArmGNUToolchain/13.2.Rel1/arm-none-eabi/bin/../lib/gcc/arm-none-eabi/13.2.1/thumb/v7e-m+fp/hard/libgcc.a(_arm_cmpdf2.o)
__muldf3                                          /Applications/ArmGNUToolchain/13.2.Rel1/arm-none-eabi/bin/../lib/gcc/arm-none-eabi/13.2.1/thumb/v7e-m+fp/hard/libgcc.a(_arm_muldivdf3.o)
                                                  /Applications/ArmGNUToolchain/13.2.Rel1/arm-none-eabi/bin/../lib/gcc/arm-none-eabi/13.2.1/thumb/v7e-m+fp/hard/libgcc.a(_arm_muldf3.o)
__nedf2                                           /Applications/ArmGNUToolchain/13.2.Rel1/arm-none-eabi/bin/../lib/gcc/arm-none-eabi/13.2.1/thumb/v7e-m+fp/hard/libgcc.a(_arm_cmpdf2.o)
__preinit_array_end                               ../libopencm3/lib/libopencm3_stm32f3.a(vector.o)
__preinit_array_start                             ../libopencm3/lib/libopencm3_stm32f3.a(vector.o)
__set_ctype                                       /Applications/ArmGNUToolchain/13.2.Rel1/arm-none-eabi/bin/../lib/gcc/arm-none-eabi/13.2.1/../../../../arm-none-eabi/lib/thumb/v7e-m+fp/hard/libc.a(libc_a-ctype_.o)
__subdf3                                          /Applications/ArmGNUToolchain/13.2.Rel1/arm-none-eabi/bin/../lib/gcc/arm-none-eabi/13.2.1/thumb/v7e-m+fp/hard/libgcc.a(_arm_addsubdf3.o)
__udivmoddi4                                      /Applications/ArmGNUToolchain/13.2.Rel1/arm-none-eabi/bin/../lib/gcc/arm-none-eabi/13.2.1/thumb/v7e-m+fp/hard/libgcc.a(_udivmoddi4.o)
                                                  /Applications/ArmGNUToolchain/13.2.Rel1/arm-none-eabi/bin/../lib/gcc/arm-none-eabi/13.2.1/thumb/v7e-m+fp/hard/libgcc.a(_aeabi_uldivmod.o)
                                                  /Applications/ArmGNUToolchain/13.2.Rel1/arm-none-eabi/bin/../lib/gcc/arm-none-eabi/13.2.1/thumb/v7e-m+fp/hard/libgcc.a(_aeabi_ldivmod.o)
_ctype_                                           /Applications/ArmGNUToolchain/13.2.Rel1/arm-none-eabi/bin/../lib/gcc/arm-none-eabi/13.2.1/../../../../arm-none-eabi/lib/thumb/v7e-m+fp/hard/libc.a(libc_a-ctype_.o)
                                                  ../shared/custom_strtol/src/strtol.o
_data                                             ../libopencm3/lib/libopencm3_stm32f3.a(vector.o)
_data_loadaddr                                    ../libopencm3/lib/libopencm3_stm32f3.a(vector.o)
_ebss                                             ../libopencm3/lib/libopencm3_stm32f3.a(vector.o)
_edata                                            ../libopencm3/lib/libopencm3_stm32f3.a(vector.o)
_stack                                            ../libopencm3/lib/libopencm3_stm32f3.a(vector.o)
adc1_2_isr                                        ../libopencm3/lib/libopencm3_stm32f3.a(vector.o)
adc3_isr                                          ../libopencm3/lib/libopencm3_stm32f3.a(vector.o)
blocking_handler                                  ../libopencm3/lib/libopencm3_stm32f3.a(vector.o)
bus_fault_handler                                 ../libopencm3/lib/libopencm3_stm32f3.a(vector.o)
can1_rx1_isr                                      ../libopencm3/lib/libopencm3_stm32f3.a(vector.o)
can1_sce_isr                                      ../libopencm3/lib/libopencm3_stm32f3.a(vector.o)
cm3_assert_failed                                 ../libopencm3/lib/libopencm3_stm32f3.a(assert.o)
                                                  ../libopencm3/lib/libopencm3_stm32f3.a(rcc.o)
cm3_assert_failed_verbose                         ../libopencm3/lib/libopencm3_stm32f3.a(assert.o)
comp123_isr                                       ../libopencm3/lib/libopencm3_stm32f3.a(vector.o)
comp456_isr                                       ../libopencm3/lib/libopencm3_stm32f3.a(vector.o)
comp7_isr                                         ../libopencm3/lib/libopencm3_stm32f3.a(vector.o)
debug_monitor_handler                             ../libopencm3/lib/libopencm3_stm32f3.a(vector.o)
dma1_channel1_isr                                 ../libopencm3/lib/libopencm3_stm32f3.a(vector.o)
dma1_channel2_isr                                 ../libopencm3/lib/libopencm3_stm32f3.a(vector.o)
dma1_channel3_isr                                 ../libopencm3/lib/libopencm3_stm32f3.a(vector.o)
dma1_channel4_isr                                 ../libopencm3/lib/libopencm3_stm32f3.a(vector.o)
dma1_channel5_isr                                 ../libopencm3/lib/libopencm3_stm32f3.a(vector.o)
dma1_channel6_isr                                 ../libopencm3/lib/libopencm3_stm32f3.a(vector.o)
dma1_channel7_isr                                 ../libopencm3/lib/libopencm3_stm32f3.a(vector.o)
dma2_channel1_isr                                 ../libopencm3/lib/libopencm3_stm32f3.a(vector.o)
dma2_channel2_isr                                 ../libopencm3/lib/libopencm3_stm32f3.a(vector.o)
dma2_channel3_isr                                 ../libopencm3/lib/libopencm3_stm32f3.a(vector.o)
dma2_channel4_isr                                 ../libopencm3/lib/libopencm3_stm32f3.a(vector.o)
dma2_channel5_isr                                 ../libopencm3/lib/libopencm3_stm32f3.a(vector.o)
enable_adc                                        ../shared/adc/src/adc_custom.o
eth_isr                                           ../libopencm3/lib/libopencm3_stm32f3.a(vector.o)
exti0_isr                                         ../libopencm3/lib/libopencm3_stm32f3.a(vector.o)
exti15_10_isr                                     ../libopencm3/lib/libopencm3_stm32f3.a(vector.o)
exti1_isr                                         ../libopencm3/lib/libopencm3_stm32f3.a(vector.o)
exti2_tsc_isr                                     ../libopencm3/lib/libopencm3_stm32f3.a(vector.o)
exti3_isr                                         ../libopencm3/lib/libopencm3_stm32f3.a(vector.o)
exti4_isr                                         ../libopencm3/lib/libopencm3_stm32f3.a(vector.o)
exti9_5_isr                                       ../libopencm3/lib/libopencm3_stm32f3.a(vector.o)
fctprintf                                         ../shared/custom_stdio/src/printf.o
flash_isr                                         ../libopencm3/lib/libopencm3_stm32f3.a(vector.o)
flash_prefetch_disable                            ../libopencm3/lib/libopencm3_stm32f3.a(flash_common_all.o)
flash_prefetch_enable                             ../libopencm3/lib/libopencm3_stm32f3.a(flash_common_all.o)
                                                  ../libopencm3/lib/libopencm3_stm32f3.a(rcc.o)
flash_set_ws                                      ../libopencm3/lib/libopencm3_stm32f3.a(flash_common_all.o)
                                                  ../libopencm3/lib/libopencm3_stm32f3.a(rcc.o)
flash_unlock_option_bytes                         ../libopencm3/lib/libopencm3_stm32f3.a(flash_common_all.o)
get_data                                          ../shared/i2c/src/i2c_custom.o
get_nbytes                                        ../shared/i2c/src/i2c_custom.o
gpio_mode_setup                                   ../libopencm3/lib/libopencm3_stm32f3.a(gpio_common_f0234.o)
                                                  ./src/main.o
gpio_set_af                                       ../libopencm3/lib/libopencm3_stm32f3.a(gpio_common_f0234.o)
                                                  ./src/main.o
gpio_set_output_options                           ../libopencm3/lib/libopencm3_stm32f3.a(gpio_common_f0234.o)
hard_fault_handler                                ../libopencm3/lib/libopencm3_stm32f3.a(vector.o)
hex_to_decimal                                    ../shared/i2c/src/i2c_custom.o
hrtim_flt_isr                                     ../libopencm3/lib/libopencm3_stm32f3.a(vector.o)
hrtim_master_isr                                  ../libopencm3/lib/libopencm3_stm32f3.a(vector.o)
hrtim_tima_isr                                    ../libopencm3/lib/libopencm3_stm32f3.a(vector.o)
hrtim_timb_isr                                    ../libopencm3/lib/libopencm3_stm32f3.a(vector.o)
hrtim_timc_isr                                    ../libopencm3/lib/libopencm3_stm32f3.a(vector.o)
hrtim_timd_isr                                    ../libopencm3/lib/libopencm3_stm32f3.a(vector.o)
hrtim_time_isr                                    ../libopencm3/lib/libopencm3_stm32f3.a(vector.o)
i2c1_er_isr                                       ../libopencm3/lib/libopencm3_stm32f3.a(vector.o)
i2c1_ev_exti23_isr                                ../libopencm3/lib/libopencm3_stm32f3.a(vector.o)
i2c2_er_isr                                       ../libopencm3/lib/libopencm3_stm32f3.a(vector.o)
i2c2_ev_exti24_isr                                ../libopencm3/lib/libopencm3_stm32f3.a(vector.o)
i2c_init                                          ../shared/i2c/src/i2c_custom.o
                                                  ./src/main.o
i2c_read_string                                   ../shared/i2c/src/i2c_custom.o
                                                  ./src/main.o
i2c_write                                         ../shared/i2c/src/i2c_custom.o
i2c_write_byte                                    ../shared/i2c/src/i2c_custom.o
main                                              ./src/main.o
                                                  ../libopencm3/lib/libopencm3_stm32f3.a(vector.o)
mem_manage_handler                                ../libopencm3/lib/libopencm3_stm32f3.a(vector.o)
nmi_handler                                       ../libopencm3/lib/libopencm3_stm32f3.a(vector.o)
null_handler                                      ../libopencm3/lib/libopencm3_stm32f3.a(vector.o)
nvic_clear_pending_irq                            ../libopencm3/lib/libopencm3_stm32f3.a(nvic.o)
nvic_disable_irq                                  ../libopencm3/lib/libopencm3_stm32f3.a(nvic.o)
nvic_enable_irq                                   ../libopencm3/lib/libopencm3_stm32f3.a(nvic.o)
                                                  ../shared/uart/src/uart.o
nvic_generate_software_interrupt                  ../libopencm3/lib/libopencm3_stm32f3.a(nvic.o)
nvic_get_active_irq                               ../libopencm3/lib/libopencm3_stm32f3.a(nvic.o)
nvic_get_irq_enabled                              ../libopencm3/lib/libopencm3_stm32f3.a(nvic.o)
nvic_get_pending_irq                              ../libopencm3/lib/libopencm3_stm32f3.a(nvic.o)
nvic_set_pending_irq                              ../libopencm3/lib/libopencm3_stm32f3.a(nvic.o)
nvic_set_priority                                 ../libopencm3/lib/libopencm3_stm32f3.a(nvic.o)
nvic_wwdg_isr                                     ../libopencm3/lib/libopencm3_stm32f3.a(vector.o)
pend_sv_handler                                   ../libopencm3/lib/libopencm3_stm32f3.a(vector.o)
power                                             ../shared/i2c/src/i2c_custom.o
printf_                                           ../shared/custom_stdio/src/printf.o
putchar_                                          ../shared/custom_stdio/src/printf.o
pvd_isr                                           ../libopencm3/lib/libopencm3_stm32f3.a(vector.o)
rcc_adc_prescale                                  ../libopencm3/lib/libopencm3_stm32f3.a(rcc.o)
rcc_ahb_frequency                                 ../libopencm3/lib/libopencm3_stm32f3.a(rcc.o)
rcc_apb1_frequency                                ../libopencm3/lib/libopencm3_stm32f3.a(rcc.o)
rcc_apb2_frequency                                ../libopencm3/lib/libopencm3_stm32f3.a(rcc.o)
rcc_backupdomain_reset                            ../libopencm3/lib/libopencm3_stm32f3.a(rcc.o)
rcc_clock_setup_hsi                               ../libopencm3/lib/libopencm3_stm32f3.a(rcc.o)
rcc_clock_setup_pll                               ../libopencm3/lib/libopencm3_stm32f3.a(rcc.o)
rcc_css_disable                                   ../libopencm3/lib/libopencm3_stm32f3.a(rcc.o)
rcc_css_enable                                    ../libopencm3/lib/libopencm3_stm32f3.a(rcc.o)
rcc_css_int_clear                                 ../libopencm3/lib/libopencm3_stm32f3.a(rcc.o)
rcc_css_int_flag                                  ../libopencm3/lib/libopencm3_stm32f3.a(rcc.o)
rcc_get_div_from_hpre                             ../libopencm3/lib/libopencm3_stm32f3.a(rcc_common_all.o)
                                                  ../libopencm3/lib/libopencm3_stm32f3.a(rcc.o)
rcc_get_i2c_clk_freq                              ../libopencm3/lib/libopencm3_stm32f3.a(rcc.o)
rcc_get_i2c_clocks                                ../libopencm3/lib/libopencm3_stm32f3.a(rcc.o)
rcc_get_spi_clk_freq                              ../libopencm3/lib/libopencm3_stm32f3.a(rcc.o)
rcc_get_system_clock_source                       ../libopencm3/lib/libopencm3_stm32f3.a(rcc.o)
rcc_get_timer_clk_freq                            ../libopencm3/lib/libopencm3_stm32f3.a(rcc.o)
rcc_get_usart_clk_freq                            ../libopencm3/lib/libopencm3_stm32f3.a(rcc.o)
                                                  ../libopencm3/lib/libopencm3_stm32f3.a(usart_common_all.o)
rcc_hse8mhz_configs                               ../libopencm3/lib/libopencm3_stm32f3.a(rcc.o)
rcc_hsi_configs                                   ../libopencm3/lib/libopencm3_stm32f3.a(rcc.o)
rcc_is_osc_ready                                  ../libopencm3/lib/libopencm3_stm32f3.a(rcc.o)
rcc_isr                                           ../libopencm3/lib/libopencm3_stm32f3.a(vector.o)
rcc_osc_bypass_disable                            ../libopencm3/lib/libopencm3_stm32f3.a(rcc_common_all.o)
rcc_osc_bypass_enable                             ../libopencm3/lib/libopencm3_stm32f3.a(rcc_common_all.o)
rcc_osc_off                                       ../libopencm3/lib/libopencm3_stm32f3.a(rcc.o)
rcc_osc_on                                        ../libopencm3/lib/libopencm3_stm32f3.a(rcc.o)
rcc_osc_ready_int_clear                           ../libopencm3/lib/libopencm3_stm32f3.a(rcc.o)
rcc_osc_ready_int_disable                         ../libopencm3/lib/libopencm3_stm32f3.a(rcc.o)
rcc_osc_ready_int_enable                          ../libopencm3/lib/libopencm3_stm32f3.a(rcc.o)
rcc_osc_ready_int_flag                            ../libopencm3/lib/libopencm3_stm32f3.a(rcc.o)
rcc_periph_clock_disable                          ../libopencm3/lib/libopencm3_stm32f3.a(rcc_common_all.o)
rcc_periph_clock_enable                           ../libopencm3/lib/libopencm3_stm32f3.a(rcc_common_all.o)
                                                  ../shared/uart/src/uart.o
                                                  ./src/main.o
rcc_periph_reset_hold                             ../libopencm3/lib/libopencm3_stm32f3.a(rcc_common_all.o)
rcc_periph_reset_pulse                            ../libopencm3/lib/libopencm3_stm32f3.a(rcc_common_all.o)
rcc_periph_reset_release                          ../libopencm3/lib/libopencm3_stm32f3.a(rcc_common_all.o)
rcc_peripheral_clear_reset                        ../libopencm3/lib/libopencm3_stm32f3.a(rcc_common_all.o)
rcc_peripheral_disable_clock                      ../libopencm3/lib/libopencm3_stm32f3.a(rcc_common_all.o)
rcc_peripheral_enable_clock                       ../libopencm3/lib/libopencm3_stm32f3.a(rcc_common_all.o)
rcc_peripheral_reset                              ../libopencm3/lib/libopencm3_stm32f3.a(rcc_common_all.o)
rcc_set_hpre                                      ../libopencm3/lib/libopencm3_stm32f3.a(rcc.o)
rcc_set_i2c_clock_hsi                             ../libopencm3/lib/libopencm3_stm32f3.a(rcc.o)
rcc_set_i2c_clock_sysclk                          ../libopencm3/lib/libopencm3_stm32f3.a(rcc.o)
rcc_set_mco                                       ../libopencm3/lib/libopencm3_stm32f3.a(rcc_common_all.o)
rcc_set_pll_multiplier                            ../libopencm3/lib/libopencm3_stm32f3.a(rcc.o)
rcc_set_pll_source                                ../libopencm3/lib/libopencm3_stm32f3.a(rcc.o)
rcc_set_ppre1                                     ../libopencm3/lib/libopencm3_stm32f3.a(rcc.o)
rcc_set_ppre2                                     ../libopencm3/lib/libopencm3_stm32f3.a(rcc.o)
rcc_set_prediv                                    ../libopencm3/lib/libopencm3_stm32f3.a(rcc.o)
rcc_set_sysclk_source                             ../libopencm3/lib/libopencm3_stm32f3.a(rcc.o)
rcc_usb_prescale_1                                ../libopencm3/lib/libopencm3_stm32f3.a(rcc.o)
rcc_usb_prescale_1_5                              ../libopencm3/lib/libopencm3_stm32f3.a(rcc.o)
rcc_wait_for_osc_not_ready                        ../libopencm3/lib/libopencm3_stm32f3.a(rcc.o)
rcc_wait_for_osc_ready                            ../libopencm3/lib/libopencm3_stm32f3.a(rcc.o)
rcc_wait_for_sysclk_status                        ../libopencm3/lib/libopencm3_stm32f3.a(rcc.o)
read_adc                                          ../shared/adc/src/adc_custom.o
reserved_13_isr                                   ../libopencm3/lib/libopencm3_stm32f3.a(vector.o)
reserved_14_isr                                   ../libopencm3/lib/libopencm3_stm32f3.a(vector.o)
reserved_15_isr                                   ../libopencm3/lib/libopencm3_stm32f3.a(vector.o)
reserved_16_isr                                   ../libopencm3/lib/libopencm3_stm32f3.a(vector.o)
reserved_1_isr                                    ../libopencm3/lib/libopencm3_stm32f3.a(vector.o)
reserved_2_isr                                    ../libopencm3/lib/libopencm3_stm32f3.a(vector.o)
reserved_3_isr                                    ../libopencm3/lib/libopencm3_stm32f3.a(vector.o)
reserved_4_isr                                    ../libopencm3/lib/libopencm3_stm32f3.a(vector.o)
reserved_5_isr                                    ../libopencm3/lib/libopencm3_stm32f3.a(vector.o)
reset_handler                                     ../libopencm3/lib/libopencm3_stm32f3.a(vector.o)
rtc_alarm_isr                                     ../libopencm3/lib/libopencm3_stm32f3.a(vector.o)
rtc_wkup_isr                                      ../libopencm3/lib/libopencm3_stm32f3.a(vector.o)
set_nbytes                                        ../shared/i2c/src/i2c_custom.o
setup_adc                                         ../shared/adc/src/adc_custom.o
snprintf_                                         ../shared/custom_stdio/src/printf.o
spi1_isr                                          ../libopencm3/lib/libopencm3_stm32f3.a(vector.o)
spi2_isr                                          ../libopencm3/lib/libopencm3_stm32f3.a(vector.o)
spi3_isr                                          ../libopencm3/lib/libopencm3_stm32f3.a(vector.o)
sprintf_                                          ../shared/custom_stdio/src/printf.o
                                                  ../shared/uart/src/uart.o
start_conversion                                  ../shared/adc/src/adc_custom.o
string_len                                        ../shared/i2c/src/i2c_custom.o
strlen                                            /Applications/ArmGNUToolchain/13.2.Rel1/arm-none-eabi/bin/../lib/gcc/arm-none-eabi/13.2.1/../../../../arm-none-eabi/lib/thumb/v7e-m+fp/hard/libc.a(libc_a-strlen.o)
                                                  ../shared/i2c/src/i2c_custom.o
strtol                                            ../shared/custom_strtol/src/strtol.o
strtoul                                           ../shared/custom_strtol/src/strtol.o
sv_call_handler                                   ../libopencm3/lib/libopencm3_stm32f3.a(vector.o)
sys_tick_handler                                  ../libopencm3/lib/libopencm3_stm32f3.a(vector.o)
systickDelaySec                                   ../shared/systick/src/systick.o
                                                  ./src/main.o
systickSetup                                      ../shared/systick/src/systick.o
                                                  ./src/main.o
tamp_stamp_isr                                    ../libopencm3/lib/libopencm3_stm32f3.a(vector.o)
tim1_brk_tim15_isr                                ../libopencm3/lib/libopencm3_stm32f3.a(vector.o)
tim1_cc_isr                                       ../libopencm3/lib/libopencm3_stm32f3.a(vector.o)
tim1_trg_com_tim17_isr                            ../libopencm3/lib/libopencm3_stm32f3.a(vector.o)
tim1_up_tim16_isr                                 ../libopencm3/lib/libopencm3_stm32f3.a(vector.o)
tim2_isr                                          ../libopencm3/lib/libopencm3_stm32f3.a(vector.o)
tim3_isr                                          ../libopencm3/lib/libopencm3_stm32f3.a(vector.o)
tim4_isr                                          ../libopencm3/lib/libopencm3_stm32f3.a(vector.o)
tim6_dac_isr                                      ../libopencm3/lib/libopencm3_stm32f3.a(vector.o)
tim7_isr                                          ../libopencm3/lib/libopencm3_stm32f3.a(vector.o)
tim8_brk_isr                                      ../libopencm3/lib/libopencm3_stm32f3.a(vector.o)
tim8_cc_isr                                       ../libopencm3/lib/libopencm3_stm32f3.a(vector.o)
tim8_trg_com_isr                                  ../libopencm3/lib/libopencm3_stm32f3.a(vector.o)
tim8_up_isr                                       ../libopencm3/lib/libopencm3_stm32f3.a(vector.o)
uart4_exti34_isr                                  ../libopencm3/lib/libopencm3_stm32f3.a(vector.o)
uart5_exti35_isr                                  ../libopencm3/lib/libopencm3_stm32f3.a(vector.o)
uart_setup                                        ../shared/uart/src/uart.o
                                                  ./src/main.o
uart_write                                        ../shared/uart/src/uart.o
                                                  ../shared/i2c/src/i2c_custom.o
uart_write_byte                                   ../shared/uart/src/uart.o
uart_write_num                                    ../shared/uart/src/uart.o
usage_fault_handler                               ../libopencm3/lib/libopencm3_stm32f3.a(vector.o)
usart1_exti25_isr                                 ../libopencm3/lib/libopencm3_stm32f3.a(vector.o)
usart2_exti26_isr                                 ../libopencm3/lib/libopencm3_stm32f3.a(vector.o)
usart3_exti28_isr                                 ../libopencm3/lib/libopencm3_stm32f3.a(vector.o)
usart_disable                                     ../libopencm3/lib/libopencm3_stm32f3.a(usart_common_all.o)
usart_disable_data_inversion                      ../libopencm3/lib/libopencm3_stm32f3.a(usart_common_v2.o)
usart_disable_error_interrupt                     ../libopencm3/lib/libopencm3_stm32f3.a(usart_common_all.o)
usart_disable_halfduplex                          ../libopencm3/lib/libopencm3_stm32f3.a(usart_common_v2.o)
usart_disable_idle_interrupt                      ../libopencm3/lib/libopencm3_stm32f3.a(usart_common_all.o)
usart_disable_rx_dma                              ../libopencm3/lib/libopencm3_stm32f3.a(usart_common_all.o)
usart_disable_rx_interrupt                        ../libopencm3/lib/libopencm3_stm32f3.a(usart_common_all.o)
usart_disable_rx_inversion                        ../libopencm3/lib/libopencm3_stm32f3.a(usart_common_v2.o)
usart_disable_rx_timeout                          ../libopencm3/lib/libopencm3_stm32f3.a(usart_common_v2.o)
usart_disable_rx_timeout_interrupt                ../libopencm3/lib/libopencm3_stm32f3.a(usart_common_v2.o)
usart_disable_tx_complete_interrupt               ../libopencm3/lib/libopencm3_stm32f3.a(usart_common_all.o)
usart_disable_tx_dma                              ../libopencm3/lib/libopencm3_stm32f3.a(usart_common_all.o)
usart_disable_tx_interrupt                        ../libopencm3/lib/libopencm3_stm32f3.a(usart_common_all.o)
usart_disable_tx_inversion                        ../libopencm3/lib/libopencm3_stm32f3.a(usart_common_v2.o)
usart_enable                                      ../libopencm3/lib/libopencm3_stm32f3.a(usart_common_all.o)
                                                  ../shared/uart/src/uart.o
usart_enable_data_inversion                       ../libopencm3/lib/libopencm3_stm32f3.a(usart_common_v2.o)
usart_enable_error_interrupt                      ../libopencm3/lib/libopencm3_stm32f3.a(usart_common_all.o)
usart_enable_halfduplex                           ../libopencm3/lib/libopencm3_stm32f3.a(usart_common_v2.o)
usart_enable_idle_interrupt                       ../libopencm3/lib/libopencm3_stm32f3.a(usart_common_all.o)
usart_enable_rx_dma                               ../libopencm3/lib/libopencm3_stm32f3.a(usart_common_all.o)
usart_enable_rx_interrupt                         ../libopencm3/lib/libopencm3_stm32f3.a(usart_common_all.o)
                                                  ../shared/uart/src/uart.o
usart_enable_rx_inversion                         ../libopencm3/lib/libopencm3_stm32f3.a(usart_common_v2.o)
usart_enable_rx_timeout                           ../libopencm3/lib/libopencm3_stm32f3.a(usart_common_v2.o)
usart_enable_rx_timeout_interrupt                 ../libopencm3/lib/libopencm3_stm32f3.a(usart_common_v2.o)
usart_enable_tx_complete_interrupt                ../libopencm3/lib/libopencm3_stm32f3.a(usart_common_all.o)
usart_enable_tx_dma                               ../libopencm3/lib/libopencm3_stm32f3.a(usart_common_all.o)
usart_enable_tx_interrupt                         ../libopencm3/lib/libopencm3_stm32f3.a(usart_common_all.o)
usart_enable_tx_inversion                         ../libopencm3/lib/libopencm3_stm32f3.a(usart_common_v2.o)
usart_get_databits                                ../libopencm3/lib/libopencm3_stm32f3.a(usart_common_all.o)
usart_get_flag                                    ../libopencm3/lib/libopencm3_stm32f3.a(usart_common_v2.o)
usart_get_parity                                  ../libopencm3/lib/libopencm3_stm32f3.a(usart_common_all.o)
usart_get_stopbits                                ../libopencm3/lib/libopencm3_stm32f3.a(usart_common_all.o)
usart_recv                                        ../libopencm3/lib/libopencm3_stm32f3.a(usart_common_v2.o)
                                                  ../libopencm3/lib/libopencm3_stm32f3.a(usart_common_all.o)
usart_recv_blocking                               ../libopencm3/lib/libopencm3_stm32f3.a(usart_common_all.o)
usart_send                                        ../libopencm3/lib/libopencm3_stm32f3.a(usart_common_v2.o)
                                                  ../libopencm3/lib/libopencm3_stm32f3.a(usart_common_all.o)
usart_send_blocking                               ../libopencm3/lib/libopencm3_stm32f3.a(usart_common_all.o)
                                                  ../shared/uart/src/uart.o
usart_set_baudrate                                ../libopencm3/lib/libopencm3_stm32f3.a(usart_common_all.o)
                                                  ../shared/uart/src/uart.o
usart_set_databits                                ../libopencm3/lib/libopencm3_stm32f3.a(usart_common_all.o)
                                                  ../shared/uart/src/uart.o
usart_set_flow_control                            ../libopencm3/lib/libopencm3_stm32f3.a(usart_common_all.o)
                                                  ../shared/uart/src/uart.o
usart_set_mode                                    ../libopencm3/lib/libopencm3_stm32f3.a(usart_common_all.o)
                                                  ../shared/uart/src/uart.o
usart_set_parity                                  ../libopencm3/lib/libopencm3_stm32f3.a(usart_common_all.o)
                                                  ../shared/uart/src/uart.o
usart_set_rx_timeout_value                        ../libopencm3/lib/libopencm3_stm32f3.a(usart_common_v2.o)
usart_set_stopbits                                ../libopencm3/lib/libopencm3_stm32f3.a(usart_common_all.o)
                                                  ../shared/uart/src/uart.o
usart_wait_recv_ready                             ../libopencm3/lib/libopencm3_stm32f3.a(usart_common_v2.o)
                                                  ../libopencm3/lib/libopencm3_stm32f3.a(usart_common_all.o)
usart_wait_send_ready                             ../libopencm3/lib/libopencm3_stm32f3.a(usart_common_v2.o)
                                                  ../libopencm3/lib/libopencm3_stm32f3.a(usart_common_all.o)
usb_hp_can1_tx_isr                                ../libopencm3/lib/libopencm3_stm32f3.a(vector.o)
usb_hp_isr                                        ../libopencm3/lib/libopencm3_stm32f3.a(vector.o)
usb_lp_can1_rx0_isr                               ../libopencm3/lib/libopencm3_stm32f3.a(vector.o)
usb_lp_isr                                        ../libopencm3/lib/libopencm3_stm32f3.a(vector.o)
usb_wkup_a_isr                                    ../libopencm3/lib/libopencm3_stm32f3.a(vector.o)
usb_wkup_isr                                      ../libopencm3/lib/libopencm3_stm32f3.a(vector.o)
vector_table                                      ../libopencm3/lib/libopencm3_stm32f3.a(vector.o)
vfctprintf                                        ../shared/custom_stdio/src/printf.o
vprintf_                                          ../shared/custom_stdio/src/printf.o
vsnprintf_                                        ../shared/custom_stdio/src/printf.o
vsprintf_                                         ../shared/custom_stdio/src/printf.o
